2025-10-10T09:56:16.659+07:00  INFO 31820 --- [BE] [main] com.koriebruh.be.BeApplication           : Starting BeApplication using Java 22.0.1 with PID 31820 (D:\TruckManagement\BE\target\classes started by ACER NITRO in D:\TruckManagement\BE)
2025-10-10T09:56:16.668+07:00  INFO 31820 --- [BE] [main] com.koriebruh.be.BeApplication           : No active profile set, falling back to 1 default profile: "default"
2025-10-10T09:56:23.705+07:00  INFO 31820 --- [BE] [main] com.koriebruh.be.BeApplication           : Started BeApplication in 7.653 seconds (process running for 8.47)
2025-10-10T09:56:24.366+07:00  INFO 31820 --- [BE] [main] com.koriebruh.be.seeder.UserSeeder       : ℹ️ OWNER user already exists: ownerapp
2025-10-10T09:56:24.385+07:00  INFO 31820 --- [BE] [main] com.koriebruh.be.seeder.UserSeeder       : ℹ️ ADMIN user already exists: jamalgantenk
2025-10-10T09:56:24.388+07:00  INFO 31820 --- [BE] [main] com.koriebruh.be.seeder.UserSeeder       : ℹ️ MODERATOR user already exists: moderatorbudi
2025-10-10T09:56:24.392+07:00  INFO 31820 --- [BE] [main] com.koriebruh.be.seeder.UserSeeder       : ℹ️ DRIVER user already exists: driverandi
2025-10-10T09:56:24.392+07:00  INFO 31820 --- [BE] [main] com.koriebruh.be.seeder.UserSeeder       : 🎉 User seeding process completed!
2025-10-10T09:56:50.808+07:00  INFO 31820 --- [BE] [http-nio-8080-exec-1] c.k.be.controller.AuthController         : Login successful [username=moderatorbudi, ip=127.0.0.1]
2025-10-10T10:05:36.202+07:00  INFO 27788 --- [BE] [main] com.koriebruh.be.BeApplication           : Starting BeApplication using Java 22.0.1 with PID 27788 (D:\TruckManagement\BE\target\classes started by ACER NITRO in D:\TruckManagement\BE)
2025-10-10T10:05:36.204+07:00  INFO 27788 --- [BE] [main] com.koriebruh.be.BeApplication           : No active profile set, falling back to 1 default profile: "default"
2025-10-10T10:05:43.081+07:00  INFO 27788 --- [BE] [main] com.koriebruh.be.BeApplication           : Started BeApplication in 7.429 seconds (process running for 8.118)
2025-10-10T10:05:43.559+07:00  INFO 27788 --- [BE] [main] com.koriebruh.be.seeder.UserSeeder       : ℹ️ OWNER user already exists: ownerapp
2025-10-10T10:05:43.564+07:00  INFO 27788 --- [BE] [main] com.koriebruh.be.seeder.UserSeeder       : ℹ️ ADMIN user already exists: jamalgantenk
2025-10-10T10:05:43.566+07:00  INFO 27788 --- [BE] [main] com.koriebruh.be.seeder.UserSeeder       : ℹ️ MODERATOR user already exists: moderatorbudi
2025-10-10T10:05:43.568+07:00  INFO 27788 --- [BE] [main] com.koriebruh.be.seeder.UserSeeder       : ℹ️ DRIVER user already exists: driverandi
2025-10-10T10:05:43.569+07:00  INFO 27788 --- [BE] [main] com.koriebruh.be.seeder.UserSeeder       : 🎉 User seeding process completed!
2025-10-10T10:07:09.047+07:00  INFO 38756 --- [BE] [main] com.koriebruh.be.BeApplication           : Starting BeApplication using Java 22.0.1 with PID 38756 (D:\TruckManagement\BE\target\classes started by ACER NITRO in D:\TruckManagement\BE)
2025-10-10T10:07:09.049+07:00  INFO 38756 --- [BE] [main] com.koriebruh.be.BeApplication           : No active profile set, falling back to 1 default profile: "default"
2025-10-10T10:07:15.128+07:00  INFO 38756 --- [BE] [main] com.koriebruh.be.BeApplication           : Started BeApplication in 6.593 seconds (process running for 7.193)
2025-10-10T10:07:15.830+07:00  INFO 38756 --- [BE] [main] com.koriebruh.be.seeder.UserSeeder       : ℹ️ OWNER user already exists: ownerapp
2025-10-10T10:07:15.834+07:00  INFO 38756 --- [BE] [main] com.koriebruh.be.seeder.UserSeeder       : ℹ️ ADMIN user already exists: jamalgantenk
2025-10-10T10:07:15.838+07:00  INFO 38756 --- [BE] [main] com.koriebruh.be.seeder.UserSeeder       : ℹ️ MODERATOR user already exists: moderatorbudi
2025-10-10T10:07:15.842+07:00  INFO 38756 --- [BE] [main] com.koriebruh.be.seeder.UserSeeder       : ℹ️ DRIVER user already exists: driverandi
2025-10-10T10:07:15.842+07:00  INFO 38756 --- [BE] [main] com.koriebruh.be.seeder.UserSeeder       : 🎉 User seeding process completed!
2025-10-10T10:08:46.972+07:00  INFO 17516 --- [BE] [main] com.koriebruh.be.BeApplication           : Starting BeApplication using Java 22.0.1 with PID 17516 (D:\TruckManagement\BE\target\classes started by ACER NITRO in D:\TruckManagement\BE)
2025-10-10T10:08:46.976+07:00  INFO 17516 --- [BE] [main] com.koriebruh.be.BeApplication           : No active profile set, falling back to 1 default profile: "default"
2025-10-10T10:08:53.405+07:00  INFO 17516 --- [BE] [main] com.koriebruh.be.BeApplication           : Started BeApplication in 7.074 seconds (process running for 7.773)
2025-10-10T10:08:54.158+07:00  INFO 17516 --- [BE] [main] com.koriebruh.be.seeder.UserSeeder       : ℹ️ OWNER user already exists: ownerapp
2025-10-10T10:08:54.165+07:00  INFO 17516 --- [BE] [main] com.koriebruh.be.seeder.UserSeeder       : ℹ️ ADMIN user already exists: jamalgantenk
2025-10-10T10:08:54.170+07:00  INFO 17516 --- [BE] [main] com.koriebruh.be.seeder.UserSeeder       : ℹ️ MODERATOR user already exists: moderatorbudi
2025-10-10T10:08:54.177+07:00  INFO 17516 --- [BE] [main] com.koriebruh.be.seeder.UserSeeder       : ℹ️ DRIVER user already exists: driverandi
2025-10-10T10:08:54.177+07:00  INFO 17516 --- [BE] [main] com.koriebruh.be.seeder.UserSeeder       : 🎉 User seeding process completed!
2025-10-10T10:12:08.974+07:00  INFO 12040 --- [BE] [main] com.koriebruh.be.BeApplication           : Starting BeApplication using Java 22.0.1 with PID 12040 (D:\TruckManagement\BE\target\classes started by ACER NITRO in D:\TruckManagement\BE)
2025-10-10T10:12:08.977+07:00  INFO 12040 --- [BE] [main] com.koriebruh.be.BeApplication           : No active profile set, falling back to 1 default profile: "default"
2025-10-10T10:12:14.839+07:00  INFO 12040 --- [BE] [main] com.koriebruh.be.BeApplication           : Started BeApplication in 6.349 seconds (process running for 6.945)
2025-10-10T10:12:15.318+07:00  INFO 12040 --- [BE] [main] com.koriebruh.be.seeder.UserSeeder       : ℹ️ OWNER user already exists: ownerapp
2025-10-10T10:12:15.323+07:00  INFO 12040 --- [BE] [main] com.koriebruh.be.seeder.UserSeeder       : ℹ️ ADMIN user already exists: jamalgantenk
2025-10-10T10:12:15.326+07:00  INFO 12040 --- [BE] [main] com.koriebruh.be.seeder.UserSeeder       : ℹ️ MODERATOR user already exists: moderatorbudi
2025-10-10T10:12:15.328+07:00  INFO 12040 --- [BE] [main] com.koriebruh.be.seeder.UserSeeder       : ℹ️ DRIVER user already exists: driverandi
2025-10-10T10:12:15.328+07:00  INFO 12040 --- [BE] [main] com.koriebruh.be.seeder.UserSeeder       : 🎉 User seeding process completed!
2025-10-10T10:12:39.546+07:00  INFO 12040 --- [BE] [http-nio-8080-exec-4] c.k.be.controller.AuthController         : Login successful [username=moderatorbudi, ip=127.0.0.1]
